// Vitest Snapshot v1, https://vitest.dev/guide/snapshot.html

exports[`class layout > 'class-basic' matches its golden scene 1`] = `
{
  "clusters": [],
  "edges": [
    {
      "arrow": "none",
      "classes": [
        "inheritance",
      ],
      "d": "M132.47,109.8L132.47,118.8Q132.47,124.8 126.47,124.8L107.86,124.8Q101.86,124.8 101.86,130.8L101.86,148.8",
      "id": "Animal->Duck#0",
      "line": "solid",
      "points": [
        {
          "x": 132.47,
          "y": 109.8,
        },
        {
          "x": 132.47,
          "y": 124.8,
        },
        {
          "x": 101.86,
          "y": 124.8,
        },
        {
          "x": 101.86,
          "y": 148.8,
        },
      ],
      "reversed": false,
      "source": "Animal",
      "span": {
        "column": 3,
        "length": 16,
        "line": 2,
        "offset": 15,
      },
      "startArrow": "arrow",
      "startArrowD": "M132.47,100.8L135.47,109.8L129.47,109.8Z",
      "target": "Duck",
    },
    {
      "arrow": "none",
      "classes": [
        "inheritance",
      ],
      "d": "M191.65,109.8L191.65,123.35Q191.65,129.35 197.65,129.35L222.06,129.35Q228.06,129.35 228.06,135.35L228.06,157.9",
      "id": "Animal->Fish#1",
      "line": "solid",
      "points": [
        {
          "x": 191.65,
          "y": 109.8,
        },
        {
          "x": 191.65,
          "y": 129.35,
        },
        {
          "x": 228.06,
          "y": 129.35,
        },
        {
          "x": 228.06,
          "y": 157.9,
        },
      ],
      "reversed": false,
      "source": "Animal",
      "span": {
        "column": 3,
        "length": 16,
        "line": 3,
        "offset": 34,
      },
      "startArrow": "arrow",
      "startArrowD": "M191.65,100.8L194.65,109.8L188.65,109.8Z",
      "target": "Fish",
    },
  ],
  "family": "class",
  "kind": "graph",
  "nodes": [
    {
      "classes": [],
      "height": 92.8,
      "id": "Animal",
      "label": {
        "baseline": 13.78,
        "height": 72.8,
        "lineHeight": 18.2,
        "lines": [
          "Animal",
          "+int age",
          "+String gender",
          "+isMammal() bool",
        ],
        "width": 111.63,
      },
      "name": "Animal",
      "outline": "M-63.81,-46.4L63.81,-46.4A6,6 0 0 1 69.81,-40.4L69.81,40.4A6,6 0 0 1 63.81,46.4L-63.81,46.4A6,6 0 0 1 -69.81,40.4L-69.81,-40.4A6,6 0 0 1 -63.81,-46.4Z",
      "shape": "rect",
      "span": {
        "column": 3,
        "length": 16,
        "line": 2,
        "offset": 15,
      },
      "width": 139.63,
      "x": 162.06,
      "y": 54.4,
    },
    {
      "classes": [],
      "height": 74.6,
      "id": "Duck",
      "label": {
        "baseline": 13.78,
        "height": 54.6,
        "lineHeight": 18.2,
        "lines": [
          "Duck",
          "+String beakColor",
          "+swim() void",
        ],
        "width": 112.14,
      },
      "name": "Duck",
      "outline": "M-64.07,-37.3L64.07,-37.3A6,6 0 0 1 70.07,-31.3L70.07,31.3A6,6 0 0 1 64.07,37.3L-64.07,37.3A6,6 0 0 1 -70.07,31.3L-70.07,-31.3A6,6 0 0 1 -64.07,-37.3Z",
      "shape": "rect",
      "span": {
        "column": 3,
        "length": 16,
        "line": 2,
        "offset": 15,
      },
      "width": 140.14,
      "x": 78.07,
      "y": 186.1,
    },
    {
      "classes": [],
      "height": 56.4,
      "id": "Fish",
      "label": {
        "baseline": 13.78,
        "height": 36.4,
        "lineHeight": 18.2,
        "lines": [
          "Fish",
          "-int sizeInFeet",
        ],
        "width": 87.8,
      },
      "name": "Fish",
      "outline": "M-51.9,-28.2L51.9,-28.2A6,6 0 0 1 57.9,-22.2L57.9,22.2A6,6 0 0 1 51.9,28.2L-51.9,28.2A6,6 0 0 1 -57.9,22.2L-57.9,-22.2A6,6 0 0 1 -51.9,-28.2Z",
      "shape": "rect",
      "span": {
        "column": 3,
        "length": 16,
        "line": 3,
        "offset": 34,
      },
      "width": 115.8,
      "x": 246.04,
      "y": 186.1,
    },
  ],
  "size": {
    "height": 231.4,
    "width": 311.94,
  },
}
`;

exports[`class layout > 'class-degenerate' matches its golden scene 1`] = `
{
  "clusters": [],
  "edges": [
    {
      "arrow": "arrow",
      "arrowD": "M192.02,122.54L201.02,119.54L201.02,125.54Z",
      "classes": [
        "association",
      ],
      "d": "M192.02,104.06L222.02,104.06Q228.02,104.06 228.02,110.06L228.02,116.54Q228.02,122.54 222.02,122.54L201.02,122.54",
      "id": "A->A#0",
      "label": {
        "box": {
          "baseline": 12.72,
          "height": 16.8,
          "lineHeight": 16.8,
          "lines": [
            "loops",
          ],
          "width": 31.39,
        },
        "x": 247.71,
        "y": 113.3,
      },
      "line": "solid",
      "points": [
        {
          "x": 192.02,
          "y": 104.06,
        },
        {
          "x": 228.02,
          "y": 104.06,
        },
        {
          "x": 228.02,
          "y": 122.54,
        },
        {
          "x": 201.02,
          "y": 122.54,
        },
      ],
      "reversed": false,
      "source": "A",
      "span": {
        "column": 3,
        "length": 15,
        "line": 4,
        "offset": 57,
      },
      "startArrow": "none",
      "target": "A",
    },
    {
      "arrow": "arrow",
      "arrowD": "M173.53,245.2L170.53,236.2L176.53,236.2Z",
      "classes": [
        "association",
      ],
      "d": "M173.53,132.4L173.53,178.4M173.53,199.2L173.53,236.2",
      "id": "A->B#1",
      "label": {
        "box": {
          "baseline": 12.72,
          "height": 16.8,
          "lineHeight": 16.8,
          "lines": [
            "1 .. 0..*",
          ],
          "width": 39.07,
        },
        "x": 173.53,
        "y": 188.8,
      },
      "line": "solid",
      "points": [
        {
          "x": 173.53,
          "y": 132.4,
        },
        {
          "x": 173.53,
          "y": 188.8,
        },
        {
          "x": 173.53,
          "y": 236.2,
        },
      ],
      "reversed": false,
      "source": "A",
      "span": {
        "column": 3,
        "length": 14,
        "line": 5,
        "offset": 75,
      },
      "startArrow": "none",
      "target": "B",
    },
    {
      "arrow": "arrow",
      "arrowD": "M173.53,331.4L170.53,322.4L176.53,322.4Z",
      "classes": [
        "dependency",
      ],
      "d": "M173.53,283.4L173.53,322.4",
      "id": "B->C#2",
      "line": "dotted",
      "points": [
        {
          "x": 173.53,
          "y": 283.4,
        },
        {
          "x": 173.53,
          "y": 322.4,
        },
      ],
      "reversed": false,
      "source": "B",
      "span": {
        "column": 3,
        "length": 7,
        "line": 10,
        "offset": 168,
      },
      "startArrow": "none",
      "target": "C",
    },
    {
      "arrow": "none",
      "classes": [
        "link",
      ],
      "d": "M173.53,46.2L173.53,94.2",
      "id": "D->A#3",
      "line": "solid",
      "points": [
        {
          "x": 173.53,
          "y": 46.2,
        },
        {
          "x": 173.53,
          "y": 94.2,
        },
      ],
      "reversed": false,
      "source": "D",
      "span": {
        "column": 3,
        "length": 6,
        "line": 12,
        "offset": 188,
      },
      "startArrow": "none",
      "target": "A",
    },
  ],
  "family": "class",
  "kind": "graph",
  "nodes": [
    {
      "classes": [],
      "height": 38.2,
      "id": "A",
      "label": {
        "baseline": 13.78,
        "height": 18.2,
        "lineHeight": 18.2,
        "lines": [
          "A",
        ],
        "width": 8.98,
      },
      "name": "A",
      "outline": "M-12.49,-19.1L12.49,-19.1A6,6 0 0 1 18.49,-13.1L18.49,13.1A6,6 0 0 1 12.49,19.1L-12.49,19.1A6,6 0 0 1 -18.49,13.1L-18.49,-13.1A6,6 0 0 1 -12.49,-19.1Z",
      "shape": "rect",
      "span": {
        "column": 3,
        "length": 7,
        "line": 2,
        "offset": 15,
      },
      "width": 36.98,
      "x": 173.53,
      "y": 113.3,
    },
    {
      "classes": [],
      "height": 38.2,
      "id": "B",
      "label": {
        "baseline": 13.78,
        "height": 18.2,
        "lineHeight": 18.2,
        "lines": [
          "spaced label",
        ],
        "width": 78.79,
      },
      "name": "spaced label",
      "outline": "M-47.39,-19.1L47.39,-19.1A6,6 0 0 1 53.39,-13.1L53.39,13.1A6,6 0 0 1 47.39,19.1L-47.39,19.1A6,6 0 0 1 -53.39,13.1L-53.39,-13.1A6,6 0 0 1 -47.39,-19.1Z",
      "shape": "rect",
      "span": {
        "column": 3,
        "length": 29,
        "line": 3,
        "offset": 25,
      },
      "width": 106.79,
      "x": 173.53,
      "y": 264.3,
    },
    {
      "classes": [],
      "height": 74.6,
      "id": "C",
      "label": {
        "baseline": 13.78,
        "height": 54.6,
        "lineHeight": 18.2,
        "lines": [
          "C",
          "+readsTheWholeLedgerTwiceBeforeAnswering()",
          "void",
        ],
        "width": 303.06,
      },
      "name": "C",
      "outline": "M-159.53,-37.3L159.53,-37.3A6,6 0 0 1 165.53,-31.3L165.53,31.3A6,6 0 0 1 159.53,37.3L-159.53,37.3A6,6 0 0 1 -165.53,31.3L-165.53,-31.3A6,6 0 0 1 -159.53,-37.3Z",
      "shape": "rect",
      "span": {
        "column": 3,
        "length": 9,
        "line": 6,
        "offset": 92,
      },
      "width": 331.06,
      "x": 173.53,
      "y": 368.7,
    },
    {
      "classes": [],
      "height": 38.2,
      "id": "D",
      "label": {
        "baseline": 13.78,
        "height": 18.2,
        "lineHeight": 18.2,
        "lines": [
          "D",
        ],
        "width": 9.38,
      },
      "name": "D",
      "outline": "M-12.69,-19.1L12.69,-19.1A6,6 0 0 1 18.69,-13.1L18.69,13.1A6,6 0 0 1 12.69,19.1L-12.69,19.1A6,6 0 0 1 -18.69,13.1L-18.69,-13.1A6,6 0 0 1 -12.69,-19.1Z",
      "shape": "rect",
      "span": {
        "column": 3,
        "length": 6,
        "line": 12,
        "offset": 188,
      },
      "width": 37.38,
      "x": 173.53,
      "y": 27.1,
    },
  ],
  "size": {
    "height": 414,
    "width": 347.06,
  },
}
`;

exports[`class layout > 'class-members' matches its golden scene 1`] = `
{
  "clusters": [
    {
      "box": {
        "height": 279.4,
        "width": 163.5,
        "x": 187.28,
        "y": 167,
      },
      "children": [],
      "classes": [],
      "depth": 0,
      "id": "billing",
      "span": {
        "column": 3,
        "length": 19,
        "line": 13,
        "offset": 196,
      },
      "title": {
        "box": {
          "baseline": 11.66,
          "height": 15.4,
          "lineHeight": 15.4,
          "lines": [
            "billing",
          ],
          "width": 32.93,
        },
        "x": 219.74,
        "y": 187,
      },
    },
  ],
  "edges": [
    {
      "arrow": "none",
      "classes": [
        "realization",
      ],
      "d": "M77.64,118.9L77.64,287.6",
      "id": "Repository->InvoiceRepository#0",
      "line": "dotted",
      "points": [
        {
          "x": 77.64,
          "y": 118.9,
        },
        {
          "x": 77.64,
          "y": 287.6,
        },
      ],
      "reversed": false,
      "source": "Repository",
      "span": {
        "column": 3,
        "length": 33,
        "line": 24,
        "offset": 379,
      },
      "startArrow": "arrow",
      "startArrowD": "M77.64,109.9L80.64,118.9L74.64,118.9Z",
      "target": "InvoiceRepository",
    },
    {
      "arrow": "none",
      "classes": [
        "inheritance",
      ],
      "d": "M269.03,128L269.03,215",
      "id": "BaseEntity->Invoice#1",
      "line": "solid",
      "points": [
        {
          "x": 269.03,
          "y": 128,
        },
        {
          "x": 269.03,
          "y": 167,
        },
        {
          "x": 269.03,
          "y": 215,
        },
      ],
      "reversed": false,
      "source": "BaseEntity",
      "span": {
        "column": 3,
        "length": 23,
        "line": 25,
        "offset": 415,
      },
      "startArrow": "arrow",
      "startArrowD": "M269.03,119L272.03,128L266.03,128Z",
      "target": "Invoice",
    },
    {
      "arrow": "none",
      "classes": [
        "composition",
      ],
      "d": "M269.03,315.8L269.03,355.8",
      "id": "Invoice->Money#2",
      "line": "solid",
      "points": [
        {
          "x": 269.03,
          "y": 315.8,
        },
        {
          "x": 269.03,
          "y": 355.8,
        },
      ],
      "reversed": false,
      "source": "Invoice",
      "span": {
        "column": 3,
        "length": 17,
        "line": 26,
        "offset": 441,
      },
      "startArrow": "circle",
      "startArrowD": "M265.03,311.8A4,4 0 1 0 273.03,311.8A4,4 0 1 0 265.03,311.8Z",
      "target": "Money",
    },
  ],
  "family": "class",
  "kind": "graph",
  "nodes": [
    {
      "classes": [],
      "height": 92.8,
      "id": "Repository",
      "label": {
        "baseline": 13.78,
        "height": 72.8,
        "lineHeight": 18.2,
        "lines": [
          "«interface»",
          "Repository<T>",
          "+find(id) T",
          "+save(entity) void",
        ],
        "width": 111.28,
      },
      "name": "Repository<T>",
      "outline": "M-63.64,-46.4L63.64,-46.4A6,6 0 0 1 69.64,-40.4L69.64,40.4A6,6 0 0 1 63.64,46.4L-63.64,46.4A6,6 0 0 1 -69.64,40.4L-69.64,-40.4A6,6 0 0 1 -63.64,-46.4Z",
      "shape": "rect",
      "span": {
        "column": 3,
        "length": 21,
        "line": 2,
        "offset": 15,
      },
      "width": 139.28,
      "x": 77.64,
      "y": 63.5,
    },
    {
      "classes": [],
      "height": 111,
      "id": "BaseEntity",
      "label": {
        "baseline": 13.78,
        "height": 91,
        "lineHeight": 18.2,
        "lines": [
          "«abstract»",
          "BaseEntity",
          "#String id",
          "#createdAt",
          "+equals(other) bool",
        ],
        "width": 122.1,
      },
      "name": "BaseEntity",
      "outline": "M-69.05,-55.5L69.05,-55.5A6,6 0 0 1 75.05,-49.5L75.05,49.5A6,6 0 0 1 69.05,55.5L-69.05,55.5A6,6 0 0 1 -75.05,49.5L-75.05,-49.5A6,6 0 0 1 -69.05,-55.5Z",
      "shape": "rect",
      "span": {
        "column": 3,
        "length": 18,
        "line": 7,
        "offset": 100,
      },
      "width": 150.1,
      "x": 269.03,
      "y": 63.5,
    },
    {
      "classes": [],
      "height": 92.8,
      "id": "Invoice",
      "label": {
        "baseline": 13.78,
        "height": 72.8,
        "lineHeight": 18.2,
        "lines": [
          "Invoice",
          "+String number",
          "-List<Line> lines",
          "+total() Money",
        ],
        "width": 103.11,
      },
      "name": "Invoice",
      "outline": "M-59.56,-46.4L59.56,-46.4A6,6 0 0 1 65.56,-40.4L65.56,40.4A6,6 0 0 1 59.56,46.4L-59.56,46.4A6,6 0 0 1 -65.56,40.4L-65.56,-40.4A6,6 0 0 1 -59.56,-46.4Z",
      "shape": "rect",
      "span": {
        "column": 5,
        "length": 15,
        "line": 14,
        "offset": 220,
      },
      "width": 131.11,
      "x": 269.03,
      "y": 261.4,
    },
    {
      "classes": [],
      "height": 74.6,
      "id": "Money",
      "label": {
        "baseline": 13.78,
        "height": 54.6,
        "lineHeight": 18.2,
        "lines": [
          "Money",
          "+int amount",
          "+String currency",
        ],
        "width": 103.5,
      },
      "name": "Money",
      "outline": "M-59.75,-37.3L59.75,-37.3A6,6 0 0 1 65.75,-31.3L65.75,31.3A6,6 0 0 1 59.75,37.3L-59.75,37.3A6,6 0 0 1 -65.75,31.3L-65.75,-31.3A6,6 0 0 1 -59.75,-37.3Z",
      "shape": "rect",
      "span": {
        "column": 5,
        "length": 13,
        "line": 19,
        "offset": 312,
      },
      "width": 131.5,
      "x": 269.03,
      "y": 393.1,
    },
    {
      "classes": [],
      "height": 38.2,
      "id": "InvoiceRepository",
      "label": {
        "baseline": 13.78,
        "height": 18.2,
        "lineHeight": 18.2,
        "lines": [
          "InvoiceRepository",
        ],
        "width": 110.44,
      },
      "name": "InvoiceRepository",
      "outline": "M-63.22,-19.1L63.22,-19.1A6,6 0 0 1 69.22,-13.1L69.22,13.1A6,6 0 0 1 63.22,19.1L-63.22,19.1A6,6 0 0 1 -69.22,13.1L-69.22,-13.1A6,6 0 0 1 -63.22,-19.1Z",
      "shape": "rect",
      "span": {
        "column": 3,
        "length": 33,
        "line": 24,
        "offset": 379,
      },
      "width": 138.44,
      "x": 77.64,
      "y": 306.7,
    },
  ],
  "size": {
    "height": 454.4,
    "width": 358.78,
  },
}
`;

exports[`class layout > 'class-relations' matches its golden scene 1`] = `
{
  "clusters": [],
  "edges": [
    {
      "arrow": "arrow",
      "arrowD": "M313.73,105.3L304.73,108.3L304.73,102.3Z",
      "classes": [
        "association",
      ],
      "d": "M101.1,105.3L183.15,105.3M236.81,105.3L304.73,105.3",
      "id": "Customer->Order#0",
      "label": {
        "box": {
          "baseline": 12.72,
          "height": 33.6,
          "lineHeight": 16.8,
          "lines": [
            "places",
            "1 .. many",
          ],
          "width": 49.66,
        },
        "x": 209.98,
        "y": 105.3,
      },
      "line": "solid",
      "points": [
        {
          "x": 101.1,
          "y": 105.3,
        },
        {
          "x": 209.98,
          "y": 105.3,
        },
        {
          "x": 304.73,
          "y": 105.3,
        },
      ],
      "reversed": false,
      "source": "Customer",
      "span": {
        "column": 3,
        "length": 38,
        "line": 3,
        "offset": 30,
      },
      "startArrow": "none",
      "target": "Order",
    },
    {
      "arrow": "none",
      "classes": [
        "composition",
      ],
      "d": "M385.02,95.2L395.02,95.2Q401.02,95.2 401.02,89.2L401.02,43.2Q401.02,37.2 407.02,37.2L425.02,37.2",
      "id": "Order->OrderLine#1",
      "line": "solid",
      "points": [
        {
          "x": 385.02,
          "y": 95.2,
        },
        {
          "x": 401.02,
          "y": 95.2,
        },
        {
          "x": 401.02,
          "y": 37.2,
        },
        {
          "x": 425.02,
          "y": 37.2,
        },
      ],
      "reversed": false,
      "source": "Order",
      "span": {
        "column": 3,
        "length": 19,
        "line": 4,
        "offset": 71,
      },
      "startArrow": "circle",
      "startArrowD": "M377.02,95.2A4,4 0 1 0 385.02,95.2A4,4 0 1 0 377.02,95.2Z",
      "target": "OrderLine",
    },
    {
      "arrow": "none",
      "classes": [
        "aggregation",
      ],
      "d": "M385.02,105.3L431.34,105.3",
      "id": "Order->Coupon#2",
      "line": "solid",
      "points": [
        {
          "x": 385.02,
          "y": 105.3,
        },
        {
          "x": 431.34,
          "y": 105.3,
        },
      ],
      "reversed": false,
      "source": "Order",
      "span": {
        "column": 3,
        "length": 16,
        "line": 5,
        "offset": 93,
      },
      "startArrow": "circle",
      "startArrowD": "M377.02,105.3A4,4 0 1 0 385.02,105.3A4,4 0 1 0 377.02,105.3Z",
      "target": "Coupon",
    },
    {
      "arrow": "arrow",
      "arrowD": "M433.32,173.4L424.32,176.4L424.32,170.4Z",
      "classes": [
        "association",
      ],
      "d": "M377.02,115.4L399.17,115.4Q405.17,115.4 405.17,121.4L405.17,167.4Q405.17,173.4 411.17,173.4L424.32,173.4",
      "id": "Order->Invoice#3",
      "line": "solid",
      "points": [
        {
          "x": 377.02,
          "y": 115.4,
        },
        {
          "x": 405.17,
          "y": 115.4,
        },
        {
          "x": 405.17,
          "y": 173.4,
        },
        {
          "x": 424.32,
          "y": 173.4,
        },
      ],
      "reversed": false,
      "source": "Order",
      "span": {
        "column": 3,
        "length": 17,
        "line": 6,
        "offset": 112,
      },
      "startArrow": "none",
      "target": "Invoice",
    },
    {
      "arrow": "none",
      "classes": [
        "realization",
      ],
      "d": "M107.03,261.7L154.22,261.7",
      "id": "Payment->CardPayment#4",
      "line": "dotted",
      "points": [
        {
          "x": 107.03,
          "y": 261.7,
        },
        {
          "x": 154.22,
          "y": 261.7,
        },
      ],
      "reversed": false,
      "source": "Payment",
      "span": {
        "column": 3,
        "length": 24,
        "line": 7,
        "offset": 132,
      },
      "startArrow": "arrow",
      "startArrowD": "M98.03,261.7L107.03,258.7L107.03,264.7Z",
      "target": "CardPayment",
    },
    {
      "arrow": "arrow",
      "arrowD": "M655.74,183.5L646.74,186.5L646.74,180.5Z",
      "classes": [
        "dependency",
      ],
      "d": "M505.78,183.5L560.08,183.5M609.74,183.5L646.74,183.5",
      "id": "Invoice->Ledger#5",
      "label": {
        "box": {
          "baseline": 12.72,
          "height": 16.8,
          "lineHeight": 16.8,
          "lines": [
            "posts to",
          ],
          "width": 45.66,
        },
        "x": 584.91,
        "y": 183.5,
      },
      "line": "dotted",
      "points": [
        {
          "x": 505.78,
          "y": 183.5,
        },
        {
          "x": 584.91,
          "y": 183.5,
        },
        {
          "x": 646.74,
          "y": 183.5,
        },
      ],
      "reversed": false,
      "source": "Invoice",
      "span": {
        "column": 3,
        "length": 29,
        "line": 8,
        "offset": 159,
      },
      "startArrow": "none",
      "target": "Ledger",
    },
    {
      "arrow": "none",
      "classes": [
        "link",
      ],
      "d": "M106.22,339.9L174.7,339.9",
      "id": "Warehouse->Region#6",
      "line": "dotted",
      "points": [
        {
          "x": 106.22,
          "y": 339.9,
        },
        {
          "x": 174.7,
          "y": 339.9,
        },
      ],
      "reversed": false,
      "source": "Warehouse",
      "span": {
        "column": 3,
        "length": 19,
        "line": 9,
        "offset": 191,
      },
      "startArrow": "none",
      "target": "Region",
    },
    {
      "arrow": "arrow",
      "arrowD": "M163.3,418.1L154.3,421.1L154.3,415.1Z",
      "classes": [
        "inheritance",
      ],
      "d": "M100.14,418.1L154.3,418.1",
      "id": "Shipment->Movement#7",
      "line": "solid",
      "points": [
        {
          "x": 100.14,
          "y": 418.1,
        },
        {
          "x": 154.3,
          "y": 418.1,
        },
      ],
      "reversed": false,
      "source": "Shipment",
      "span": {
        "column": 3,
        "length": 22,
        "line": 10,
        "offset": 213,
      },
      "startArrow": "none",
      "target": "Movement",
    },
    {
      "arrow": "none",
      "classes": [
        "link",
      ],
      "d": "M245.26,339.9L315.75,339.9",
      "id": "Region->Zone#8",
      "line": "solid",
      "points": [
        {
          "x": 245.26,
          "y": 339.9,
        },
        {
          "x": 315.75,
          "y": 339.9,
        },
      ],
      "reversed": false,
      "source": "Region",
      "span": {
        "column": 3,
        "length": 14,
        "line": 11,
        "offset": 238,
      },
      "startArrow": "none",
      "target": "Zone",
    },
  ],
  "family": "class",
  "kind": "graph",
  "nodes": [
    {
      "classes": [],
      "height": 38.2,
      "id": "Customer",
      "label": {
        "baseline": 13.78,
        "height": 18.2,
        "lineHeight": 18.2,
        "lines": [
          "Customer",
        ],
        "width": 59.98,
      },
      "name": "Customer",
      "outline": "M-37.99,-19.1L37.99,-19.1A6,6 0 0 1 43.99,-13.1L43.99,13.1A6,6 0 0 1 37.99,19.1L-37.99,19.1A6,6 0 0 1 -43.99,13.1L-43.99,-13.1A6,6 0 0 1 -37.99,-19.1Z",
      "shape": "rect",
      "span": {
        "column": 3,
        "length": 38,
        "line": 3,
        "offset": 30,
      },
      "width": 87.98,
      "x": 57.11,
      "y": 105.3,
    },
    {
      "classes": [],
      "height": 38.2,
      "id": "Order",
      "label": {
        "baseline": 13.78,
        "height": 18.2,
        "lineHeight": 18.2,
        "lines": [
          "Order",
        ],
        "width": 35.29,
      },
      "name": "Order",
      "outline": "M-25.64,-19.1L25.64,-19.1A6,6 0 0 1 31.64,-13.1L31.64,13.1A6,6 0 0 1 25.64,19.1L-25.64,19.1A6,6 0 0 1 -31.64,13.1L-31.64,-13.1A6,6 0 0 1 -25.64,-19.1Z",
      "shape": "rect",
      "span": {
        "column": 3,
        "length": 38,
        "line": 3,
        "offset": 30,
      },
      "width": 63.29,
      "x": 345.38,
      "y": 105.3,
    },
    {
      "classes": [],
      "height": 38.2,
      "id": "OrderLine",
      "label": {
        "baseline": 13.78,
        "height": 18.2,
        "lineHeight": 18.2,
        "lines": [
          "OrderLine",
        ],
        "width": 61.06,
      },
      "name": "OrderLine",
      "outline": "M-38.53,-19.1L38.53,-19.1A6,6 0 0 1 44.53,-13.1L44.53,13.1A6,6 0 0 1 38.53,19.1L-38.53,19.1A6,6 0 0 1 -44.53,13.1L-44.53,-13.1A6,6 0 0 1 -38.53,-19.1Z",
      "shape": "rect",
      "span": {
        "column": 3,
        "length": 19,
        "line": 4,
        "offset": 71,
      },
      "width": 89.06,
      "x": 469.55,
      "y": 27.1,
    },
    {
      "classes": [],
      "height": 38.2,
      "id": "Coupon",
      "label": {
        "baseline": 13.78,
        "height": 18.2,
        "lineHeight": 18.2,
        "lines": [
          "Coupon",
        ],
        "width": 48.43,
      },
      "name": "Coupon",
      "outline": "M-32.22,-19.1L32.22,-19.1A6,6 0 0 1 38.22,-13.1L38.22,13.1A6,6 0 0 1 32.22,19.1L-32.22,19.1A6,6 0 0 1 -38.22,13.1L-38.22,-13.1A6,6 0 0 1 -32.22,-19.1Z",
      "shape": "rect",
      "span": {
        "column": 3,
        "length": 16,
        "line": 5,
        "offset": 93,
      },
      "width": 76.43,
      "x": 469.55,
      "y": 105.3,
    },
    {
      "classes": [],
      "height": 38.2,
      "id": "Invoice",
      "label": {
        "baseline": 13.78,
        "height": 18.2,
        "lineHeight": 18.2,
        "lines": [
          "Invoice",
        ],
        "width": 44.45,
      },
      "name": "Invoice",
      "outline": "M-30.23,-19.1L30.23,-19.1A6,6 0 0 1 36.23,-13.1L36.23,13.1A6,6 0 0 1 30.23,19.1L-30.23,19.1A6,6 0 0 1 -36.23,13.1L-36.23,-13.1A6,6 0 0 1 -30.23,-19.1Z",
      "shape": "rect",
      "span": {
        "column": 3,
        "length": 17,
        "line": 6,
        "offset": 112,
      },
      "width": 72.45,
      "x": 469.55,
      "y": 183.5,
    },
    {
      "classes": [],
      "height": 38.2,
      "id": "Payment",
      "label": {
        "baseline": 13.78,
        "height": 18.2,
        "lineHeight": 18.2,
        "lines": [
          "Payment",
        ],
        "width": 53.84,
      },
      "name": "Payment",
      "outline": "M-34.92,-19.1L34.92,-19.1A6,6 0 0 1 40.92,-13.1L40.92,13.1A6,6 0 0 1 34.92,19.1L-34.92,19.1A6,6 0 0 1 -40.92,13.1L-40.92,-13.1A6,6 0 0 1 -34.92,-19.1Z",
      "shape": "rect",
      "span": {
        "column": 3,
        "length": 24,
        "line": 7,
        "offset": 132,
      },
      "width": 81.84,
      "x": 57.11,
      "y": 261.7,
    },
    {
      "classes": [],
      "height": 38.2,
      "id": "CardPayment",
      "label": {
        "baseline": 13.78,
        "height": 18.2,
        "lineHeight": 18.2,
        "lines": [
          "CardPayment",
        ],
        "width": 83.51,
      },
      "name": "CardPayment",
      "outline": "M-49.75,-19.1L49.75,-19.1A6,6 0 0 1 55.75,-13.1L55.75,13.1A6,6 0 0 1 49.75,19.1L-49.75,19.1A6,6 0 0 1 -55.75,13.1L-55.75,-13.1A6,6 0 0 1 -49.75,-19.1Z",
      "shape": "rect",
      "span": {
        "column": 3,
        "length": 24,
        "line": 7,
        "offset": 132,
      },
      "width": 111.51,
      "x": 209.98,
      "y": 261.7,
    },
    {
      "classes": [],
      "height": 38.2,
      "id": "Ledger",
      "label": {
        "baseline": 13.78,
        "height": 18.2,
        "lineHeight": 18.2,
        "lines": [
          "Ledger",
        ],
        "width": 43.36,
      },
      "name": "Ledger",
      "outline": "M-29.68,-19.1L29.68,-19.1A6,6 0 0 1 35.68,-13.1L35.68,13.1A6,6 0 0 1 29.68,19.1L-29.68,19.1A6,6 0 0 1 -35.68,13.1L-35.68,-13.1A6,6 0 0 1 -29.68,-19.1Z",
      "shape": "rect",
      "span": {
        "column": 3,
        "length": 29,
        "line": 8,
        "offset": 159,
      },
      "width": 71.36,
      "x": 691.42,
      "y": 183.5,
    },
    {
      "classes": [],
      "height": 38.2,
      "id": "Warehouse",
      "label": {
        "baseline": 13.78,
        "height": 18.2,
        "lineHeight": 18.2,
        "lines": [
          "Warehouse",
        ],
        "width": 70.22,
      },
      "name": "Warehouse",
      "outline": "M-43.11,-19.1L43.11,-19.1A6,6 0 0 1 49.11,-13.1L49.11,13.1A6,6 0 0 1 43.11,19.1L-43.11,19.1A6,6 0 0 1 -49.11,13.1L-49.11,-13.1A6,6 0 0 1 -43.11,-19.1Z",
      "shape": "rect",
      "span": {
        "column": 3,
        "length": 19,
        "line": 9,
        "offset": 191,
      },
      "width": 98.22,
      "x": 57.11,
      "y": 339.9,
    },
    {
      "classes": [],
      "height": 38.2,
      "id": "Region",
      "label": {
        "baseline": 13.78,
        "height": 18.2,
        "lineHeight": 18.2,
        "lines": [
          "Region",
        ],
        "width": 42.56,
      },
      "name": "Region",
      "outline": "M-29.28,-19.1L29.28,-19.1A6,6 0 0 1 35.28,-13.1L35.28,13.1A6,6 0 0 1 29.28,19.1L-29.28,19.1A6,6 0 0 1 -35.28,13.1L-35.28,-13.1A6,6 0 0 1 -29.28,-19.1Z",
      "shape": "rect",
      "span": {
        "column": 3,
        "length": 19,
        "line": 9,
        "offset": 191,
      },
      "width": 70.56,
      "x": 209.98,
      "y": 339.9,
    },
    {
      "classes": [],
      "height": 38.2,
      "id": "Shipment",
      "label": {
        "baseline": 13.78,
        "height": 18.2,
        "lineHeight": 18.2,
        "lines": [
          "Shipment",
        ],
        "width": 58.06,
      },
      "name": "Shipment",
      "outline": "M-37.03,-19.1L37.03,-19.1A6,6 0 0 1 43.03,-13.1L43.03,13.1A6,6 0 0 1 37.03,19.1L-37.03,19.1A6,6 0 0 1 -43.03,13.1L-43.03,-13.1A6,6 0 0 1 -37.03,-19.1Z",
      "shape": "rect",
      "span": {
        "column": 3,
        "length": 22,
        "line": 10,
        "offset": 213,
      },
      "width": 86.06,
      "x": 57.11,
      "y": 418.1,
    },
    {
      "classes": [],
      "height": 38.2,
      "id": "Movement",
      "label": {
        "baseline": 13.78,
        "height": 18.2,
        "lineHeight": 18.2,
        "lines": [
          "Movement",
        ],
        "width": 65.37,
      },
      "name": "Movement",
      "outline": "M-40.68,-19.1L40.68,-19.1A6,6 0 0 1 46.68,-13.1L46.68,13.1A6,6 0 0 1 40.68,19.1L-40.68,19.1A6,6 0 0 1 -46.68,13.1L-46.68,-13.1A6,6 0 0 1 -40.68,-19.1Z",
      "shape": "rect",
      "span": {
        "column": 3,
        "length": 22,
        "line": 10,
        "offset": 213,
      },
      "width": 93.37,
      "x": 209.98,
      "y": 418.1,
    },
    {
      "classes": [],
      "height": 38.2,
      "id": "Zone",
      "label": {
        "baseline": 13.78,
        "height": 18.2,
        "lineHeight": 18.2,
        "lines": [
          "Zone",
        ],
        "width": 31.25,
      },
      "name": "Zone",
      "outline": "M-23.62,-19.1L23.62,-19.1A6,6 0 0 1 29.62,-13.1L29.62,13.1A6,6 0 0 1 23.62,19.1L-23.62,19.1A6,6 0 0 1 -29.62,13.1L-29.62,-13.1A6,6 0 0 1 -23.62,-19.1Z",
      "shape": "rect",
      "span": {
        "column": 3,
        "length": 14,
        "line": 11,
        "offset": 238,
      },
      "width": 59.25,
      "x": 345.38,
      "y": 339.9,
    },
  ],
  "size": {
    "height": 445.2,
    "width": 735.1,
  },
}
`;
